{1 2} => 5.307509
{3 5} => 12.523788
{2 7} => 7.476659
{3 1} => 7.913618
{1 3} => 5.344452
{8 3} => 22.523341
{3 8} => 18.484845
